queue replaced
queue play started
[   0.0s state=None ledger owners: active=0.0 MiB pending=0.0 MiB
[   0.6s state=None ledger owners: active=0.0 MiB pending=0.0 MiB
[   1.1s state=None ledger owners: active=0.0 MiB pending=0.0 MiB
[   1.7s state=None ledger owners: active=0.0 MiB pending=0.0 MiB
[   2.2s state=None ledger owners: active=0.0 MiB pending=0.0 MiB
[   2.7s state=None ledger owners: active=0.0 MiB pending=0.0 MiB
[   3.3s state=None ledger owners: active=0.0 MiB pending=0.0 MiB
[   3.8s state=None ledger owners: active=0.0 MiB pending=0.0 MiB
[   4.4s state=None ledger owners: active=0.0 MiB pending=0.0 MiB
[   4.9s state=None ledger owners: active=0.0 MiB pending=0.0 MiB
[   5.4s state=None ledger owners: active=0.0 MiB pending=0.0 MiB
[   5.9s state=None ledger owners: active=0.0 MiB pending=0.0 MiB
[   6.5s state=None ledger owners: active=0.0 MiB pending=0.0 MiB
[   7.0s state=None ledger owners: active=0.0 MiB pending=0.0 MiB
[   7.5s state=None ledger owners: active=0.0 MiB pending=0.0 MiB
[   8.1s state=None ledger owners: active=0.0 MiB pending=0.0 MiB
[   8.6s state=None ledger owners: active=0.0 MiB pending=0.0 MiB
[   9.1s state=None ledger owners: active=0.0 MiB pending=0.0 MiB
[   9.7s state=None ledger owners: active=0.0 MiB pending=0.0 MiB
[  10.2s state=None ledger owners: active=0.0 MiB pending=0.0 MiB
[  10.7s state=None ledger owners: active=0.0 MiB pending=0.0 MiB
[  11.3s state=None ledger owners: active=0.0 MiB pending=0.0 MiB
[  11.8s state=None ledger owners: active=0.0 MiB pending=0.0 MiB
[  12.4s state=None ledger owners: active=0.0 MiB pending=0.0 MiB
[  12.9s state=None ledger owners: active=0.0 MiB pending=0.0 MiB
[  13.4s state=None ledger owners: active=0.0 MiB pending=0.0 MiB
[  14.0s state=None ledger owners: active=0.0 MiB pending=0.0 MiB
[  14.5s state=None ledger owners: active=0.0 MiB pending=0.0 MiB
[  15.0s state=None ledger owners: active=0.0 MiB pending=0.0 MiB
[  15.5s state=None ledger owners: active=0.0 MiB pending=0.0 MiB
[  16.0s state=None ledger owners: active=0.0 MiB pending=0.0 MiB
[  16.6s state=None ledger owners: active=0.0 MiB pending=0.0 MiB
[  17.1s state=None ledger owners: active=0.0 MiB pending=0.0 MiB
[  17.6s state=None ledger owners: active=0.0 MiB pending=0.0 MiB
[  18.2s state=None ledger owners: active=0.0 MiB pending=0.0 MiB
[  18.7s state=None ledger owners: active=0.0 MiB pending=0.0 MiB
[  19.3s state=None ledger owners: active=0.0 MiB pending=0.0 MiB
[  19.8s state=None ledger owners: active=0.0 MiB pending=0.0 MiB
[  20.3s state=None ledger owners: active=0.0 MiB pending=0.0 MiB
[  20.8s state=None ledger owners: active=0.0 MiB pending=0.0 MiB
[  21.3s state=None ledger owners: active=0.0 MiB pending=0.0 MiB
[  21.9s state=None ledger owners: active=0.0 MiB pending=0.0 MiB
[  22.4s state=None ledger owners: active=0.0 MiB pending=0.0 MiB
[  22.9s state=None ledger owners: active=0.0 MiB pending=0.0 MiB
[  23.4s state=None ledger owners: active=0.0 MiB pending=0.0 MiB
[  24.0s state=None ledger owners: active=0.0 MiB pending=0.0 MiB
[  24.5s state=None ledger owners: active=0.0 MiB pending=0.0 MiB
[  25.1s state=None ledger owners: active=0.0 MiB pending=0.0 MiB
[  25.6s state=None ledger owners: active=0.0 MiB pending=0.0 MiB
[  26.1s state=None ledger owners: active=0.0 MiB pending=0.0 MiB
[  26.7s state=None ledger owners: active=0.0 MiB pending=0.0 MiB
[  27.2s state=None ledger owners: active=0.0 MiB pending=0.0 MiB
[  27.7s state=None ledger owners: active=0.0 MiB pending=0.0 MiB
[  28.3s state=None ledger owners: active=0.0 MiB pending=0.0 MiB
[  28.8s state=None ledger owners: active=0.0 MiB pending=0.0 MiB
[  29.3s state=None ledger owners: active=0.0 MiB pending=0.0 MiB
[  29.8s state=None ledger owners: active=0.0 MiB pending=0.0 MiB
[  30.4s state=None ledger owners: active=0.0 MiB pending=0.0 MiB
[  30.9s state=None ledger owners: active=0.0 MiB pending=0.0 MiB
[  31.4s state=None ledger owners: active=0.0 MiB pending=0.0 MiB
[  31.9s state=None ledger owners: active=0.0 MiB pending=0.0 MiB
[  32.5s state=None ledger owners: active=0.0 MiB pending=0.0 MiB
[  33.0s state=None ledger owners: active=0.0 MiB pending=0.0 MiB
[  33.5s state=None ledger owners: active=0.0 MiB pending=0.0 MiB
[  34.0s state=None ledger owners: active=0.0 MiB pending=0.0 MiB
[  34.6s state=None ledger owners: active=0.0 MiB pending=0.0 MiB
[  35.1s state=None ledger owners: active=0.0 MiB pending=0.0 MiB
[  35.7s state=None ledger owners: active=0.0 MiB pending=0.0 MiB
[  36.2s state=None ledger owners: active=0.0 MiB pending=0.0 MiB
[  36.7s state=None ledger owners: active=0.0 MiB pending=0.0 MiB
[  37.3s state=None ledger owners: active=0.0 MiB pending=0.0 MiB
[  37.8s state=None ledger owners: active=0.0 MiB pending=0.0 MiB
[  38.4s state=None ledger owners: active=0.0 MiB pending=0.0 MiB
[  38.9s state=None ledger owners: active=0.0 MiB pending=0.0 MiB
[  39.4s state=None ledger owners: active=0.0 MiB pending=0.0 MiB
[  40.0s state=None ledger owners: active=0.0 MiB pending=0.0 MiB
[  40.5s state=None ledger owners: active=0.0 MiB pending=0.0 MiB
[  41.0s state=None ledger owners: active=0.0 MiB pending=0.0 MiB
[  41.5s state=None ledger owners: active=0.0 MiB pending=0.0 MiB
[  42.1s state=None ledger owners: active=0.0 MiB pending=0.0 MiB
[  42.6s state=None ledger owners: active=0.0 MiB pending=0.0 MiB
[  43.1s state=None ledger owners: active=0.0 MiB pending=0.0 MiB
[  43.7s state=None ledger owners: active=0.0 MiB pending=0.0 MiB
[  44.2s state=None ledger owners: active=0.0 MiB pending=0.0 MiB
[  44.7s state=None ledger owners: active=0.0 MiB pending=0.0 MiB
[  45.2s state=None ledger owners: active=0.0 MiB pending=0.0 MiB
[  45.8s state=None ledger owners: active=0.0 MiB pending=0.0 MiB
[  46.3s state=None ledger owners: active=0.0 MiB pending=0.0 MiB
[  46.8s state=None ledger owners: active=0.0 MiB pending=0.0 MiB
[  47.4s state=None ledger owners: active=0.0 MiB pending=0.0 MiB
[  47.9s state=None ledger owners: active=0.0 MiB pending=0.0 MiB
[  48.4s state=None ledger owners: active=0.0 MiB pending=0.0 MiB
[  49.0s state=None ledger owners: active=0.0 MiB pending=0.0 MiB
[  49.5s state=None ledger owners: active=0.0 MiB pending=0.0 MiB
[  50.1s state=None ledger owners: active=0.0 MiB pending=0.0 MiB
[  50.6s state=None ledger owners: active=0.0 MiB pending=0.0 MiB
[  51.1s state=None ledger owners: active=0.0 MiB pending=0.0 MiB
[  51.7s state=None ledger owners: active=0.0 MiB pending=0.0 MiB
[  52.2s state=None ledger owners: active=0.0 MiB pending=0.0 MiB
[  52.8s state=None ledger owners: active=0.0 MiB pending=0.0 MiB
[  53.3s state=None ledger owners: active=0.0 MiB pending=0.0 MiB
[  53.8s state=None ledger owners: active=0.0 MiB pending=0.0 MiB
[  54.4s state=None ledger owners: active=0.0 MiB pending=0.0 MiB
[  54.9s state=None ledger owners: active=0.0 MiB pending=0.0 MiB
[  55.5s state=None ledger owners: active=0.0 MiB pending=0.0 MiB
[  56.0s state=None ledger owners: active=0.0 MiB pending=0.0 MiB
[  56.5s state=None ledger owners: active=0.0 MiB pending=0.0 MiB
[  57.1s state=None ledger owners: active=0.0 MiB pending=0.0 MiB
[  57.6s state=None ledger owners: active=0.0 MiB pending=0.0 MiB
[  58.2s state=None ledger owners: active=0.0 MiB pending=0.0 MiB
[  58.7s state=None ledger owners: active=0.0 MiB pending=0.0 MiB
[  59.2s state=None ledger owners: active=0.0 MiB pending=0.0 MiB
[  59.7s state=None ledger owners: active=0.0 MiB pending=0.0 MiB
RESULT: FAIL
