queue replaced
queue play started
[   0.0s state=None ledger owners: active=0.0 MiB pending=0.0 MiB
[   0.6s state=None ledger owners: active=0.0 MiB pending=0.0 MiB
[   1.1s state=None ledger owners: active=0.0 MiB pending=0.0 MiB
[   1.7s state=None ledger owners: active=0.0 MiB pending=0.0 MiB
[   2.2s state=None ledger owners: active=0.0 MiB pending=0.0 MiB
[   2.7s state=None ledger owners: active=0.0 MiB pending=0.0 MiB
[   3.2s state=None ledger owners: active=0.0 MiB pending=0.0 MiB
[   3.8s state=None ledger owners: active=0.0 MiB pending=0.0 MiB
[   4.3s state=None ledger owners: active=0.0 MiB pending=0.0 MiB
[   4.8s state=None ledger owners: active=0.0 MiB pending=0.0 MiB
[   5.4s state=None ledger owners: active=0.0 MiB pending=0.0 MiB
[   5.9s state=None ledger owners: active=0.0 MiB pending=0.0 MiB
[   6.4s state=None ledger owners: active=0.0 MiB pending=0.0 MiB
[   7.0s state=None ledger owners: active=0.0 MiB pending=0.0 MiB
[   7.5s state=None ledger owners: active=0.0 MiB pending=0.0 MiB
[   8.1s state=None ledger owners: active=0.0 MiB pending=0.0 MiB
[   8.6s state=None ledger owners: active=0.0 MiB pending=0.0 MiB
[   9.1s state=None ledger owners: active=0.0 MiB pending=0.0 MiB
[   9.7s state=None ledger owners: active=0.0 MiB pending=0.0 MiB
[  10.2s state=None ledger owners: active=0.0 MiB pending=0.0 MiB
[  10.7s state=None ledger owners: active=0.0 MiB pending=0.0 MiB
[  11.3s state=None ledger owners: active=0.0 MiB pending=0.0 MiB
[  11.8s state=None ledger owners: active=0.0 MiB pending=0.0 MiB
[  12.3s state=None ledger owners: active=0.0 MiB pending=0.0 MiB
[  12.9s state=None ledger owners: active=0.0 MiB pending=0.0 MiB
[  13.4s state=None ledger owners: active=0.0 MiB pending=0.0 MiB
[  13.9s state=None ledger owners: active=0.0 MiB pending=0.0 MiB
[  14.4s state=None ledger owners: active=0.0 MiB pending=0.0 MiB
[  15.0s state=None ledger owners: active=0.0 MiB pending=0.0 MiB
[  15.5s state=None ledger owners: active=0.0 MiB pending=0.0 MiB
[  16.1s state=None ledger owners: active=0.0 MiB pending=0.0 MiB
[  16.6s state=None ledger owners: active=0.0 MiB pending=0.0 MiB
[  17.1s state=None ledger owners: active=0.0 MiB pending=0.0 MiB
[  17.7s state=None ledger owners: active=0.0 MiB pending=0.0 MiB
[  18.2s state=None ledger owners: active=0.0 MiB pending=0.0 MiB
[  18.7s state=None ledger owners: active=0.0 MiB pending=0.0 MiB
[  19.3s state=None ledger owners: active=0.0 MiB pending=0.0 MiB
[  19.8s state=None ledger owners: active=0.0 MiB pending=0.0 MiB
[  20.3s state=None ledger owners: active=0.0 MiB pending=0.0 MiB
[  20.9s state=None ledger owners: active=0.0 MiB pending=0.0 MiB
[  21.4s state=None ledger owners: active=0.0 MiB pending=0.0 MiB
[  21.9s state=None ledger owners: active=0.0 MiB pending=0.0 MiB
[  22.5s state=None ledger owners: active=0.0 MiB pending=0.0 MiB
[  23.0s state=None ledger owners: active=0.0 MiB pending=0.0 MiB
[  23.5s state=None ledger owners: active=0.0 MiB pending=0.0 MiB
[  24.1s state=None ledger owners: active=0.0 MiB pending=0.0 MiB
[  24.6s state=None ledger owners: active=0.0 MiB pending=0.0 MiB
[  25.1s state=None ledger owners: active=0.0 MiB pending=0.0 MiB
[  25.7s state=None ledger owners: active=0.0 MiB pending=0.0 MiB
[  26.2s state=None ledger owners: active=0.0 MiB pending=0.0 MiB
[  26.7s state=None ledger owners: active=0.0 MiB pending=0.0 MiB
[  27.3s state=None ledger owners: active=0.0 MiB pending=0.0 MiB
[  27.8s state=None ledger owners: active=0.0 MiB pending=0.0 MiB
[  28.3s state=None ledger owners: active=0.0 MiB pending=0.0 MiB
[  28.9s state=None ledger owners: active=0.0 MiB pending=0.0 MiB
[  29.4s state=None ledger owners: active=0.0 MiB pending=0.0 MiB
[  29.9s state=None ledger owners: active=0.0 MiB pending=0.0 MiB
[  30.4s state=None ledger owners: active=0.0 MiB pending=0.0 MiB
[  31.0s state=None ledger owners: active=0.0 MiB pending=0.0 MiB
[  31.5s state=None ledger owners: active=0.0 MiB pending=0.0 MiB
[  32.0s state=None ledger owners: active=0.0 MiB pending=0.0 MiB
[  32.6s state=None ledger owners: active=0.0 MiB pending=0.0 MiB
[  33.1s state=None ledger owners: active=0.0 MiB pending=0.0 MiB
[  33.6s state=None ledger owners: active=0.0 MiB pending=0.0 MiB
[  34.2s state=None ledger owners: active=0.0 MiB pending=0.0 MiB
[  34.7s state=None ledger owners: active=0.0 MiB pending=0.0 MiB
[  35.3s state=None ledger owners: active=0.0 MiB pending=0.0 MiB
[  35.8s state=None ledger owners: active=0.0 MiB pending=0.0 MiB
[  36.3s state=None ledger owners: active=0.0 MiB pending=0.0 MiB
[  36.9s state=None ledger owners: active=0.0 MiB pending=0.0 MiB
[  37.4s state=None ledger owners: active=0.0 MiB pending=0.0 MiB
[  37.9s state=None ledger owners: active=0.0 MiB pending=0.0 MiB
[  38.5s state=None ledger owners: active=0.0 MiB pending=0.0 MiB
[  39.0s state=None ledger owners: active=0.0 MiB pending=0.0 MiB
[  39.6s state=None ledger owners: active=0.0 MiB pending=0.0 MiB
[  40.1s state=None ledger owners: active=0.0 MiB pending=0.0 MiB
[  40.7s state=None ledger owners: active=0.0 MiB pending=0.0 MiB
[  41.2s state=None ledger owners: active=0.0 MiB pending=0.0 MiB
[  41.7s state=None ledger owners: active=0.0 MiB pending=0.0 MiB
[  42.3s state=None ledger owners: active=0.0 MiB pending=0.0 MiB
[  42.8s state=None ledger owners: active=0.0 MiB pending=0.0 MiB
[  43.3s state=None ledger owners: active=0.0 MiB pending=0.0 MiB
[  43.9s state=None ledger owners: active=0.0 MiB pending=0.0 MiB
[  44.4s state=None ledger owners: active=0.0 MiB pending=0.0 MiB
[  44.9s state=None ledger owners: active=0.0 MiB pending=0.0 MiB
[  45.5s state=None ledger owners: active=0.0 MiB pending=0.0 MiB
[  46.0s state=None ledger owners: active=0.0 MiB pending=0.0 MiB
[  46.5s state=None ledger owners: active=0.0 MiB pending=0.0 MiB
[  47.0s state=None ledger owners: active=0.0 MiB pending=0.0 MiB
[  47.6s state=None ledger owners: active=0.0 MiB pending=0.0 MiB
[  48.1s state=None ledger owners: active=0.0 MiB pending=0.0 MiB
[  48.6s state=None ledger owners: active=0.0 MiB pending=0.0 MiB
[  49.2s state=None ledger owners: active=0.0 MiB pending=0.0 MiB
[  49.7s state=None ledger owners: active=0.0 MiB pending=0.0 MiB
[  50.2s state=None ledger owners: active=0.0 MiB pending=0.0 MiB
[  50.8s state=None ledger owners: active=0.0 MiB pending=0.0 MiB
[  51.3s state=None ledger owners: active=0.0 MiB pending=0.0 MiB
[  51.8s state=None ledger owners: active=0.0 MiB pending=0.0 MiB
[  52.4s state=None ledger owners: active=0.0 MiB pending=0.0 MiB
[  52.9s state=None ledger owners: active=0.0 MiB pending=0.0 MiB
[  53.5s state=None ledger owners: active=0.0 MiB pending=0.0 MiB
[  54.0s state=None ledger owners: active=0.0 MiB pending=0.0 MiB
[  54.5s state=None ledger owners: active=0.0 MiB pending=0.0 MiB
[  55.1s state=None ledger owners: active=0.0 MiB pending=0.0 MiB
[  55.6s state=None ledger owners: active=0.0 MiB pending=0.0 MiB
[  56.1s state=None ledger owners: active=0.0 MiB pending=0.0 MiB
[  56.7s state=None ledger owners: active=0.0 MiB pending=0.0 MiB
[  57.2s state=None ledger owners: active=0.0 MiB pending=0.0 MiB
[  57.7s state=None ledger owners: active=0.0 MiB pending=0.0 MiB
[  58.3s state=None ledger owners: active=0.0 MiB pending=0.0 MiB
[  58.8s state=None ledger owners: active=0.0 MiB pending=0.0 MiB
[  59.3s state=None ledger owners: active=0.0 MiB pending=0.0 MiB
[  59.9s state=None ledger owners: active=0.0 MiB pending=0.0 MiB
RESULT: FAIL
