queue replaced
queue play started
[   0.0s state=None ledger owners: active=0.0 MiB pending=0.0 MiB
[   0.6s state=None ledger owners: active=0.0 MiB pending=0.0 MiB
[   1.1s state=None ledger owners: active=0.0 MiB pending=0.0 MiB
[   1.6s state=None ledger owners: active=0.0 MiB pending=0.0 MiB
[   2.1s state=None ledger owners: active=0.0 MiB pending=0.0 MiB
[   2.6s state=None ledger owners: active=0.0 MiB pending=0.0 MiB
[   3.2s state=None ledger owners: active=0.0 MiB pending=0.0 MiB
[   3.7s state=None ledger owners: active=0.0 MiB pending=0.0 MiB
[   4.2s state=None ledger owners: active=0.0 MiB pending=0.0 MiB
[   4.8s state=None ledger owners: active=0.0 MiB pending=0.0 MiB
[   5.3s state=None ledger owners: active=0.0 MiB pending=0.0 MiB
[   5.8s state=None ledger owners: active=0.0 MiB pending=0.0 MiB
[   6.4s state=None ledger owners: active=0.0 MiB pending=0.0 MiB
[   6.9s state=None ledger owners: active=0.0 MiB pending=0.0 MiB
[   7.5s state=None ledger owners: active=0.0 MiB pending=0.0 MiB
[   8.0s state=None ledger owners: active=0.0 MiB pending=0.0 MiB
[   8.5s state=None ledger owners: active=0.0 MiB pending=0.0 MiB
[   9.0s state=None ledger owners: active=0.0 MiB pending=0.0 MiB
[   9.5s state=None ledger owners: active=0.0 MiB pending=0.0 MiB
[  10.1s state=None ledger owners: active=0.0 MiB pending=0.0 MiB
[  10.6s state=None ledger owners: active=0.0 MiB pending=0.0 MiB
[  11.1s state=None ledger owners: active=0.0 MiB pending=0.0 MiB
[  11.7s state=None ledger owners: active=0.0 MiB pending=0.0 MiB
[  12.2s state=None ledger owners: active=0.0 MiB pending=0.0 MiB
[  12.7s state=None ledger owners: active=0.0 MiB pending=0.0 MiB
[  13.3s state=None ledger owners: active=0.0 MiB pending=0.0 MiB
[  13.8s state=None ledger owners: active=0.0 MiB pending=0.0 MiB
[  14.3s state=None ledger owners: active=0.0 MiB pending=0.0 MiB
[  14.9s state=None ledger owners: active=0.0 MiB pending=0.0 MiB
[  15.4s state=None ledger owners: active=0.0 MiB pending=0.0 MiB
[  15.9s state=None ledger owners: active=0.0 MiB pending=0.0 MiB
[  16.5s state=None ledger owners: active=0.0 MiB pending=0.0 MiB
[  17.0s state=None ledger owners: active=0.0 MiB pending=0.0 MiB
[  17.6s state=None ledger owners: active=0.0 MiB pending=0.0 MiB
[  18.1s state=None ledger owners: active=0.0 MiB pending=0.0 MiB
[  18.6s state=None ledger owners: active=0.0 MiB pending=0.0 MiB
[  19.2s state=None ledger owners: active=0.0 MiB pending=0.0 MiB
[  19.7s state=None ledger owners: active=0.0 MiB pending=0.0 MiB
[  20.2s state=None ledger owners: active=0.0 MiB pending=0.0 MiB
[  20.8s state=None ledger owners: active=0.0 MiB pending=0.0 MiB
[  21.3s state=None ledger owners: active=0.0 MiB pending=0.0 MiB
[  21.8s state=None ledger owners: active=0.0 MiB pending=0.0 MiB
[  22.4s state=None ledger owners: active=0.0 MiB pending=0.0 MiB
[  22.9s state=None ledger owners: active=0.0 MiB pending=0.0 MiB
[  23.4s state=None ledger owners: active=0.0 MiB pending=0.0 MiB
[  23.9s state=None ledger owners: active=0.0 MiB pending=0.0 MiB
[  24.4s state=None ledger owners: active=0.0 MiB pending=0.0 MiB
[  25.0s state=None ledger owners: active=0.0 MiB pending=0.0 MiB
[  25.5s state=None ledger owners: active=0.0 MiB pending=0.0 MiB
[  26.0s state=None ledger owners: active=0.0 MiB pending=0.0 MiB
[  26.6s state=None ledger owners: active=0.0 MiB pending=0.0 MiB
[  27.1s state=None ledger owners: active=0.0 MiB pending=0.0 MiB
[  27.7s state=None ledger owners: active=0.0 MiB pending=0.0 MiB
[  28.2s state=None ledger owners: active=0.0 MiB pending=0.0 MiB
[  28.7s state=None ledger owners: active=0.0 MiB pending=0.0 MiB
[  29.3s state=None ledger owners: active=0.0 MiB pending=0.0 MiB
[  29.8s state=None ledger owners: active=0.0 MiB pending=0.0 MiB
[  30.3s state=None ledger owners: active=0.0 MiB pending=0.0 MiB
[  30.8s state=None ledger owners: active=0.0 MiB pending=0.0 MiB
[  31.4s state=None ledger owners: active=0.0 MiB pending=0.0 MiB
[  31.9s state=None ledger owners: active=0.0 MiB pending=0.0 MiB
[  32.5s state=None ledger owners: active=0.0 MiB pending=0.0 MiB
[  33.0s state=None ledger owners: active=0.0 MiB pending=0.0 MiB
[  33.5s state=None ledger owners: active=0.0 MiB pending=0.0 MiB
[  34.0s state=None ledger owners: active=0.0 MiB pending=0.0 MiB
[  34.6s state=None ledger owners: active=0.0 MiB pending=0.0 MiB
[  35.1s state=None ledger owners: active=0.0 MiB pending=0.0 MiB
[  35.6s state=None ledger owners: active=0.0 MiB pending=0.0 MiB
[  36.2s state=None ledger owners: active=0.0 MiB pending=0.0 MiB
[  36.7s state=None ledger owners: active=0.0 MiB pending=0.0 MiB
[  37.2s state=None ledger owners: active=0.0 MiB pending=0.0 MiB
[  37.7s state=None ledger owners: active=0.0 MiB pending=0.0 MiB
[  38.2s state=None ledger owners: active=0.0 MiB pending=0.0 MiB
[  38.8s state=None ledger owners: active=0.0 MiB pending=0.0 MiB
[  39.3s state=None ledger owners: active=0.0 MiB pending=0.0 MiB
[  39.8s state=None ledger owners: active=0.0 MiB pending=0.0 MiB
[  40.4s state=None ledger owners: active=0.0 MiB pending=0.0 MiB
[  40.9s state=None ledger owners: active=0.0 MiB pending=0.0 MiB
[  41.4s state=None ledger owners: active=0.0 MiB pending=0.0 MiB
[  42.0s state=None ledger owners: active=0.0 MiB pending=0.0 MiB
[  42.5s state=None ledger owners: active=0.0 MiB pending=0.0 MiB
[  43.0s state=None ledger owners: active=0.0 MiB pending=0.0 MiB
[  43.6s state=None ledger owners: active=0.0 MiB pending=0.0 MiB
[  44.1s state=None ledger owners: active=0.0 MiB pending=0.0 MiB
[  44.6s state=None ledger owners: active=0.0 MiB pending=0.0 MiB
[  45.2s state=None ledger owners: active=0.0 MiB pending=0.0 MiB
[  45.7s state=None ledger owners: active=0.0 MiB pending=0.0 MiB
[  46.2s state=None ledger owners: active=0.0 MiB pending=0.0 MiB
[  46.7s state=None ledger owners: active=0.0 MiB pending=0.0 MiB
[  47.3s state=None ledger owners: active=0.0 MiB pending=0.0 MiB
[  47.8s state=None ledger owners: active=0.0 MiB pending=0.0 MiB
[  48.4s state=None ledger owners: active=0.0 MiB pending=0.0 MiB
[  48.9s state=None ledger owners: active=0.0 MiB pending=0.0 MiB
[  49.4s state=None ledger owners: active=0.0 MiB pending=0.0 MiB
[  50.0s state=None ledger owners: active=0.0 MiB pending=0.0 MiB
[  50.5s state=None ledger owners: active=0.0 MiB pending=0.0 MiB
[  51.0s state=None ledger owners: active=0.0 MiB pending=0.0 MiB
[  51.6s state=None ledger owners: active=0.0 MiB pending=0.0 MiB
[  52.1s state=None ledger owners: active=0.0 MiB pending=0.0 MiB
[  52.6s state=None ledger owners: active=0.0 MiB pending=0.0 MiB
[  53.2s state=None ledger owners: active=0.0 MiB pending=0.0 MiB
[  53.7s state=None ledger owners: active=0.0 MiB pending=0.0 MiB
[  54.2s state=None ledger owners: active=0.0 MiB pending=0.0 MiB
[  54.8s state=None ledger owners: active=0.0 MiB pending=0.0 MiB
[  55.3s state=None ledger owners: active=0.0 MiB pending=0.0 MiB
[  55.8s state=None ledger owners: active=0.0 MiB pending=0.0 MiB
[  56.4s state=None ledger owners: active=0.0 MiB pending=0.0 MiB
[  56.9s state=None ledger owners: active=0.0 MiB pending=0.0 MiB
[  57.4s state=None ledger owners: active=0.0 MiB pending=0.0 MiB
[  58.0s state=None ledger owners: active=0.0 MiB pending=0.0 MiB
[  58.5s state=None ledger owners: active=0.0 MiB pending=0.0 MiB
[  59.0s state=None ledger owners: active=0.0 MiB pending=0.0 MiB
[  59.6s state=None ledger owners: active=0.0 MiB pending=0.0 MiB
RESULT: FAIL
