queue replaced
queue play started
[   0.1s state=None ledger owners: active=0.0 MiB pending=0.0 MiB
[   0.6s state=None ledger owners: active=0.0 MiB pending=0.0 MiB
[   1.1s state=None ledger owners: active=0.0 MiB pending=0.0 MiB
[   1.7s state=None ledger owners: active=0.0 MiB pending=0.0 MiB
[   2.2s state=None ledger owners: active=0.0 MiB pending=0.0 MiB
[   2.8s state=None ledger owners: active=0.0 MiB pending=0.0 MiB
[   3.3s state=None ledger owners: active=0.0 MiB pending=0.0 MiB
[   3.8s state=None ledger owners: active=0.0 MiB pending=0.0 MiB
[   4.3s state=None ledger owners: active=0.0 MiB pending=0.0 MiB
[   4.9s state=None ledger owners: active=0.0 MiB pending=0.0 MiB
[   5.4s state=None ledger owners: active=0.0 MiB pending=0.0 MiB
[   6.0s state=None ledger owners: active=0.0 MiB pending=0.0 MiB
[   6.5s state=None ledger owners: active=0.0 MiB pending=0.0 MiB
[   7.0s state=None ledger owners: active=0.0 MiB pending=0.0 MiB
[   7.5s state=None ledger owners: active=0.0 MiB pending=0.0 MiB
[   8.1s state=None ledger owners: active=0.0 MiB pending=0.0 MiB
[   8.6s state=None ledger owners: active=0.0 MiB pending=0.0 MiB
[   9.2s state=None ledger owners: active=0.0 MiB pending=0.0 MiB
[   9.7s state=None ledger owners: active=0.0 MiB pending=0.0 MiB
[  10.3s state=None ledger owners: active=0.0 MiB pending=0.0 MiB
[  10.8s state=None ledger owners: active=0.0 MiB pending=0.0 MiB
[  11.3s state=None ledger owners: active=0.0 MiB pending=0.0 MiB
[  11.9s state=None ledger owners: active=0.0 MiB pending=0.0 MiB
[  12.4s state=None ledger owners: active=0.0 MiB pending=0.0 MiB
[  13.0s state=None ledger owners: active=0.0 MiB pending=0.0 MiB
[  13.5s state=None ledger owners: active=0.0 MiB pending=0.0 MiB
[  14.0s state=None ledger owners: active=0.0 MiB pending=0.0 MiB
[  14.6s state=None ledger owners: active=0.0 MiB pending=0.0 MiB
[  15.1s state=None ledger owners: active=0.0 MiB pending=0.0 MiB
[  15.6s state=None ledger owners: active=0.0 MiB pending=0.0 MiB
[  16.1s state=None ledger owners: active=0.0 MiB pending=0.0 MiB
[  16.7s state=None ledger owners: active=0.0 MiB pending=0.0 MiB
[  17.2s state=None ledger owners: active=0.0 MiB pending=0.0 MiB
[  17.7s state=None ledger owners: active=0.0 MiB pending=0.0 MiB
[  18.3s state=None ledger owners: active=0.0 MiB pending=0.0 MiB
[  18.8s state=None ledger owners: active=0.0 MiB pending=0.0 MiB
[  19.4s state=None ledger owners: active=0.0 MiB pending=0.0 MiB
[  19.9s state=None ledger owners: active=0.0 MiB pending=0.0 MiB
[  20.4s state=None ledger owners: active=0.0 MiB pending=0.0 MiB
[  20.9s state=None ledger owners: active=0.0 MiB pending=0.0 MiB
[  21.5s state=None ledger owners: active=0.0 MiB pending=0.0 MiB
[  22.0s state=None ledger owners: active=0.0 MiB pending=0.0 MiB
[  22.5s state=None ledger owners: active=0.0 MiB pending=0.0 MiB
[  23.1s state=None ledger owners: active=0.0 MiB pending=0.0 MiB
[  23.6s state=None ledger owners: active=0.0 MiB pending=0.0 MiB
[  24.1s state=None ledger owners: active=0.0 MiB pending=0.0 MiB
[  24.7s state=None ledger owners: active=0.0 MiB pending=0.0 MiB
[  25.2s state=None ledger owners: active=0.0 MiB pending=0.0 MiB
[  25.8s state=None ledger owners: active=0.0 MiB pending=0.0 MiB
[  26.3s state=None ledger owners: active=0.0 MiB pending=0.0 MiB
[  26.8s state=None ledger owners: active=0.0 MiB pending=0.0 MiB
[  27.4s state=None ledger owners: active=0.0 MiB pending=0.0 MiB
[  27.9s state=None ledger owners: active=0.0 MiB pending=0.0 MiB
[  28.5s state=None ledger owners: active=0.0 MiB pending=0.0 MiB
[  29.0s state=None ledger owners: active=0.0 MiB pending=0.0 MiB
[  29.5s state=None ledger owners: active=0.0 MiB pending=0.0 MiB
[  30.1s state=None ledger owners: active=0.0 MiB pending=0.0 MiB
[  30.6s state=None ledger owners: active=0.0 MiB pending=0.0 MiB
[  31.2s state=None ledger owners: active=0.0 MiB pending=0.0 MiB
[  31.7s state=None ledger owners: active=0.0 MiB pending=0.0 MiB
[  32.2s state=None ledger owners: active=0.0 MiB pending=0.0 MiB
[  32.7s state=None ledger owners: active=0.0 MiB pending=0.0 MiB
[  33.3s state=None ledger owners: active=0.0 MiB pending=0.0 MiB
[  33.8s state=None ledger owners: active=0.0 MiB pending=0.0 MiB
[  34.4s state=None ledger owners: active=0.0 MiB pending=0.0 MiB
[  34.9s state=None ledger owners: active=0.0 MiB pending=0.0 MiB
[  35.4s state=None ledger owners: active=0.0 MiB pending=0.0 MiB
[  35.9s state=None ledger owners: active=0.0 MiB pending=0.0 MiB
[  36.5s state=None ledger owners: active=0.0 MiB pending=0.0 MiB
[  37.0s state=None ledger owners: active=0.0 MiB pending=0.0 MiB
[  37.5s state=None ledger owners: active=0.0 MiB pending=0.0 MiB
[  38.1s state=None ledger owners: active=0.0 MiB pending=0.0 MiB
[  38.6s state=None ledger owners: active=0.0 MiB pending=0.0 MiB
[  39.1s state=None ledger owners: active=0.0 MiB pending=0.0 MiB
[  39.7s state=None ledger owners: active=0.0 MiB pending=0.0 MiB
[  40.2s state=None ledger owners: active=0.0 MiB pending=0.0 MiB
[  40.8s state=None ledger owners: active=0.0 MiB pending=0.0 MiB
[  41.3s state=None ledger owners: active=0.0 MiB pending=0.0 MiB
[  41.8s state=None ledger owners: active=0.0 MiB pending=0.0 MiB
[  42.4s state=None ledger owners: active=0.0 MiB pending=0.0 MiB
[  42.9s state=None ledger owners: active=0.0 MiB pending=0.0 MiB
[  43.4s state=None ledger owners: active=0.0 MiB pending=0.0 MiB
[  44.0s state=None ledger owners: active=0.0 MiB pending=0.0 MiB
[  44.5s state=None ledger owners: active=0.0 MiB pending=0.0 MiB
[  45.0s state=None ledger owners: active=0.0 MiB pending=0.0 MiB
[  45.6s state=None ledger owners: active=0.0 MiB pending=0.0 MiB
[  46.1s state=None ledger owners: active=0.0 MiB pending=0.0 MiB
[  46.7s state=None ledger owners: active=0.0 MiB pending=0.0 MiB
[  47.2s state=None ledger owners: active=0.0 MiB pending=0.0 MiB
[  47.7s state=None ledger owners: active=0.0 MiB pending=0.0 MiB
[  48.3s state=None ledger owners: active=0.0 MiB pending=0.0 MiB
[  48.8s state=None ledger owners: active=0.0 MiB pending=0.0 MiB
[  49.3s state=None ledger owners: active=0.0 MiB pending=0.0 MiB
[  49.8s state=None ledger owners: active=0.0 MiB pending=0.0 MiB
[  50.4s state=None ledger owners: active=0.0 MiB pending=0.0 MiB
[  50.9s state=None ledger owners: active=0.0 MiB pending=0.0 MiB
[  51.4s state=None ledger owners: active=0.0 MiB pending=0.0 MiB
[  52.0s state=None ledger owners: active=0.0 MiB pending=0.0 MiB
[  52.5s state=None ledger owners: active=0.0 MiB pending=0.0 MiB
[  53.1s state=None ledger owners: active=0.0 MiB pending=0.0 MiB
[  53.6s state=None ledger owners: active=0.0 MiB pending=0.0 MiB
[  54.1s state=None ledger owners: active=0.0 MiB pending=0.0 MiB
[  54.7s state=None ledger owners: active=0.0 MiB pending=0.0 MiB
[  55.2s state=None ledger owners: active=0.0 MiB pending=0.0 MiB
[  55.8s state=None ledger owners: active=0.0 MiB pending=0.0 MiB
[  56.3s state=None ledger owners: active=0.0 MiB pending=0.0 MiB
[  56.8s state=None ledger owners: active=0.0 MiB pending=0.0 MiB
[  57.4s state=None ledger owners: active=0.0 MiB pending=0.0 MiB
[  57.9s state=None ledger owners: active=0.0 MiB pending=0.0 MiB
[  58.5s state=None ledger owners: active=0.0 MiB pending=0.0 MiB
[  59.0s state=None ledger owners: active=0.0 MiB pending=0.0 MiB
[  59.5s state=None ledger owners: active=0.0 MiB pending=0.0 MiB
RESULT: FAIL
