queue replaced
queue play started
[   0.0s state=None ledger owners: active=0.0 MiB pending=0.0 MiB
[   0.6s state=None ledger owners: active=0.0 MiB pending=0.0 MiB
[   1.1s state=None ledger owners: active=0.0 MiB pending=0.0 MiB
[   1.6s state=None ledger owners: active=0.0 MiB pending=0.0 MiB
[   2.2s state=None ledger owners: active=0.0 MiB pending=0.0 MiB
[   2.7s state=None ledger owners: active=0.0 MiB pending=0.0 MiB
[   3.2s state=None ledger owners: active=0.0 MiB pending=0.0 MiB
[   3.8s state=None ledger owners: active=0.0 MiB pending=0.0 MiB
[   4.3s state=None ledger owners: active=0.0 MiB pending=0.0 MiB
[   4.8s state=None ledger owners: active=0.0 MiB pending=0.0 MiB
[   5.3s state=None ledger owners: active=0.0 MiB pending=0.0 MiB
[   5.9s state=None ledger owners: active=0.0 MiB pending=0.0 MiB
[   6.4s state=None ledger owners: active=0.0 MiB pending=0.0 MiB
[   7.0s state=None ledger owners: active=0.0 MiB pending=0.0 MiB
[   7.5s state=None ledger owners: active=0.0 MiB pending=0.0 MiB
[   8.1s state=None ledger owners: active=0.0 MiB pending=0.0 MiB
[   8.6s state=None ledger owners: active=0.0 MiB pending=0.0 MiB
[   9.1s state=None ledger owners: active=0.0 MiB pending=0.0 MiB
[   9.6s state=None ledger owners: active=0.0 MiB pending=0.0 MiB
[  10.2s state=None ledger owners: active=0.0 MiB pending=0.0 MiB
[  10.7s state=None ledger owners: active=0.0 MiB pending=0.0 MiB
[  11.2s state=None ledger owners: active=0.0 MiB pending=0.0 MiB
[  11.7s state=None ledger owners: active=0.0 MiB pending=0.0 MiB
[  12.3s state=None ledger owners: active=0.0 MiB pending=0.0 MiB
[  12.8s state=None ledger owners: active=0.0 MiB pending=0.0 MiB
[  13.3s state=None ledger owners: active=0.0 MiB pending=0.0 MiB
[  13.9s state=None ledger owners: active=0.0 MiB pending=0.0 MiB
[  14.4s state=None ledger owners: active=0.0 MiB pending=0.0 MiB
[  14.9s state=None ledger owners: active=0.0 MiB pending=0.0 MiB
[  15.5s state=None ledger owners: active=0.0 MiB pending=0.0 MiB
[  16.0s state=None ledger owners: active=0.0 MiB pending=0.0 MiB
[  16.5s state=None ledger owners: active=0.0 MiB pending=0.0 MiB
[  17.1s state=None ledger owners: active=0.0 MiB pending=0.0 MiB
[  17.6s state=None ledger owners: active=0.0 MiB pending=0.0 MiB
[  18.2s state=None ledger owners: active=0.0 MiB pending=0.0 MiB
[  18.7s state=None ledger owners: active=0.0 MiB pending=0.0 MiB
[  19.2s state=None ledger owners: active=0.0 MiB pending=0.0 MiB
[  19.8s state=None ledger owners: active=0.0 MiB pending=0.0 MiB
[  20.3s state=None ledger owners: active=0.0 MiB pending=0.0 MiB
[  20.8s state=None ledger owners: active=0.0 MiB pending=0.0 MiB
[  21.4s state=None ledger owners: active=0.0 MiB pending=0.0 MiB
[  21.9s state=None ledger owners: active=0.0 MiB pending=0.0 MiB
[  22.4s state=None ledger owners: active=0.0 MiB pending=0.0 MiB
[  23.0s state=None ledger owners: active=0.0 MiB pending=0.0 MiB
[  23.5s state=None ledger owners: active=0.0 MiB pending=0.0 MiB
[  24.1s state=None ledger owners: active=0.0 MiB pending=0.0 MiB
[  24.6s state=None ledger owners: active=0.0 MiB pending=0.0 MiB
[  25.1s state=None ledger owners: active=0.0 MiB pending=0.0 MiB
[  25.7s state=None ledger owners: active=0.0 MiB pending=0.0 MiB
[  26.2s state=None ledger owners: active=0.0 MiB pending=0.0 MiB
[  26.7s state=None ledger owners: active=0.0 MiB pending=0.0 MiB
[  27.3s state=None ledger owners: active=0.0 MiB pending=0.0 MiB
[  27.8s state=None ledger owners: active=0.0 MiB pending=0.0 MiB
[  28.3s state=None ledger owners: active=0.0 MiB pending=0.0 MiB
[  28.9s state=None ledger owners: active=0.0 MiB pending=0.0 MiB
[  29.4s state=None ledger owners: active=0.0 MiB pending=0.0 MiB
[  29.9s state=None ledger owners: active=0.0 MiB pending=0.0 MiB
[  30.5s state=None ledger owners: active=0.0 MiB pending=0.0 MiB
[  31.0s state=None ledger owners: active=0.0 MiB pending=0.0 MiB
[  31.5s state=None ledger owners: active=0.0 MiB pending=0.0 MiB
[  32.1s state=None ledger owners: active=0.0 MiB pending=0.0 MiB
[  32.6s state=None ledger owners: active=0.0 MiB pending=0.0 MiB
[  33.1s state=None ledger owners: active=0.0 MiB pending=0.0 MiB
[  33.7s state=None ledger owners: active=0.0 MiB pending=0.0 MiB
[  34.2s state=None ledger owners: active=0.0 MiB pending=0.0 MiB
[  34.7s state=None ledger owners: active=0.0 MiB pending=0.0 MiB
[  35.3s state=None ledger owners: active=0.0 MiB pending=0.0 MiB
[  35.8s state=None ledger owners: active=0.0 MiB pending=0.0 MiB
[  36.3s state=None ledger owners: active=0.0 MiB pending=0.0 MiB
[  36.9s state=None ledger owners: active=0.0 MiB pending=0.0 MiB
[  37.4s state=None ledger owners: active=0.0 MiB pending=0.0 MiB
[  38.0s state=None ledger owners: active=0.0 MiB pending=0.0 MiB
[  38.5s state=None ledger owners: active=0.0 MiB pending=0.0 MiB
[  39.1s state=None ledger owners: active=0.0 MiB pending=0.0 MiB
[  39.6s state=None ledger owners: active=0.0 MiB pending=0.0 MiB
[  40.1s state=None ledger owners: active=0.0 MiB pending=0.0 MiB
[  40.7s state=None ledger owners: active=0.0 MiB pending=0.0 MiB
[  41.2s state=None ledger owners: active=0.0 MiB pending=0.0 MiB
[  41.8s state=None ledger owners: active=0.0 MiB pending=0.0 MiB
[  42.3s state=None ledger owners: active=0.0 MiB pending=0.0 MiB
[  42.9s state=None ledger owners: active=0.0 MiB pending=0.0 MiB
[  43.4s state=None ledger owners: active=0.0 MiB pending=0.0 MiB
[  43.9s state=None ledger owners: active=0.0 MiB pending=0.0 MiB
[  44.5s state=None ledger owners: active=0.0 MiB pending=0.0 MiB
[  45.0s state=None ledger owners: active=0.0 MiB pending=0.0 MiB
[  45.6s state=None ledger owners: active=0.0 MiB pending=0.0 MiB
[  46.1s state=None ledger owners: active=0.0 MiB pending=0.0 MiB
[  46.6s state=None ledger owners: active=0.0 MiB pending=0.0 MiB
[  47.1s state=None ledger owners: active=0.0 MiB pending=0.0 MiB
[  47.7s state=None ledger owners: active=0.0 MiB pending=0.0 MiB
[  48.2s state=None ledger owners: active=0.0 MiB pending=0.0 MiB
[  48.8s state=None ledger owners: active=0.0 MiB pending=0.0 MiB
[  49.3s state=None ledger owners: active=0.0 MiB pending=0.0 MiB
[  49.8s state=None ledger owners: active=0.0 MiB pending=0.0 MiB
[  50.4s state=None ledger owners: active=0.0 MiB pending=0.0 MiB
[  50.9s state=None ledger owners: active=0.0 MiB pending=0.0 MiB
[  51.4s state=None ledger owners: active=0.0 MiB pending=0.0 MiB
[  52.0s state=None ledger owners: active=0.0 MiB pending=0.0 MiB
[  52.5s state=None ledger owners: active=0.0 MiB pending=0.0 MiB
[  53.0s state=None ledger owners: active=0.0 MiB pending=0.0 MiB
[  53.6s state=None ledger owners: active=0.0 MiB pending=0.0 MiB
[  54.1s state=None ledger owners: active=0.0 MiB pending=0.0 MiB
[  54.7s state=None ledger owners: active=0.0 MiB pending=0.0 MiB
[  55.2s state=None ledger owners: active=0.0 MiB pending=0.0 MiB
[  55.7s state=None ledger owners: active=0.0 MiB pending=0.0 MiB
[  56.3s state=None ledger owners: active=0.0 MiB pending=0.0 MiB
[  56.8s state=None ledger owners: active=0.0 MiB pending=0.0 MiB
[  57.3s state=None ledger owners: active=0.0 MiB pending=0.0 MiB
[  57.9s state=None ledger owners: active=0.0 MiB pending=0.0 MiB
[  58.4s state=None ledger owners: active=0.0 MiB pending=0.0 MiB
[  59.0s state=None ledger owners: active=0.0 MiB pending=0.0 MiB
[  59.5s state=None ledger owners: active=0.0 MiB pending=0.0 MiB
[  60.0s state=None ledger owners: active=0.0 MiB pending=0.0 MiB
RESULT: FAIL
