queue replaced
queue play started
[   0.0s state=None ledger owners: active=0.0 MiB pending=0.0 MiB
[   0.6s state=None ledger owners: active=0.0 MiB pending=0.0 MiB
[   1.1s state=None ledger owners: active=0.0 MiB pending=0.0 MiB
[   1.7s state=None ledger owners: active=0.0 MiB pending=0.0 MiB
[   2.2s state=None ledger owners: active=0.0 MiB pending=0.0 MiB
[   2.7s state=None ledger owners: active=0.0 MiB pending=0.0 MiB
[   3.3s state=None ledger owners: active=0.0 MiB pending=0.0 MiB
[   3.8s state=None ledger owners: active=0.0 MiB pending=0.0 MiB
[   4.3s state=None ledger owners: active=0.0 MiB pending=0.0 MiB
[   4.9s state=None ledger owners: active=0.0 MiB pending=0.0 MiB
[   5.4s state=None ledger owners: active=0.0 MiB pending=0.0 MiB
[   5.9s state=None ledger owners: active=0.0 MiB pending=0.0 MiB
[   6.4s state=None ledger owners: active=0.0 MiB pending=0.0 MiB
[   7.0s state=None ledger owners: active=0.0 MiB pending=0.0 MiB
[   7.5s state=None ledger owners: active=0.0 MiB pending=0.0 MiB
[   8.1s state=None ledger owners: active=0.0 MiB pending=0.0 MiB
[   8.6s state=None ledger owners: active=0.0 MiB pending=0.0 MiB
[   9.2s state=None ledger owners: active=0.0 MiB pending=0.0 MiB
[   9.7s state=None ledger owners: active=0.0 MiB pending=0.0 MiB
[  10.3s state=None ledger owners: active=0.0 MiB pending=0.0 MiB
[  10.8s state=None ledger owners: active=0.0 MiB pending=0.0 MiB
[  11.3s state=None ledger owners: active=0.0 MiB pending=0.0 MiB
[  11.9s state=None ledger owners: active=0.0 MiB pending=0.0 MiB
[  12.4s state=None ledger owners: active=0.0 MiB pending=0.0 MiB
[  13.0s state=None ledger owners: active=0.0 MiB pending=0.0 MiB
[  13.5s state=None ledger owners: active=0.0 MiB pending=0.0 MiB
[  14.1s state=None ledger owners: active=0.0 MiB pending=0.0 MiB
[  14.6s state=None ledger owners: active=0.0 MiB pending=0.0 MiB
[  15.1s state=None ledger owners: active=0.0 MiB pending=0.0 MiB
[  15.7s state=None ledger owners: active=0.0 MiB pending=0.0 MiB
[  16.2s state=None ledger owners: active=0.0 MiB pending=0.0 MiB
[  16.8s state=None ledger owners: active=0.0 MiB pending=0.0 MiB
[  17.3s state=None ledger owners: active=0.0 MiB pending=0.0 MiB
[  17.8s state=None ledger owners: active=0.0 MiB pending=0.0 MiB
[  18.4s state=None ledger owners: active=0.0 MiB pending=0.0 MiB
[  18.9s state=None ledger owners: active=0.0 MiB pending=0.0 MiB
[  19.5s state=None ledger owners: active=0.0 MiB pending=0.0 MiB
[  20.0s state=None ledger owners: active=0.0 MiB pending=0.0 MiB
[  20.5s state=None ledger owners: active=0.0 MiB pending=0.0 MiB
[  21.1s state=None ledger owners: active=0.0 MiB pending=0.0 MiB
[  21.6s state=None ledger owners: active=0.0 MiB pending=0.0 MiB
[  22.1s state=None ledger owners: active=0.0 MiB pending=0.0 MiB
[  22.7s state=None ledger owners: active=0.0 MiB pending=0.0 MiB
[  23.2s state=None ledger owners: active=0.0 MiB pending=0.0 MiB
[  23.8s state=None ledger owners: active=0.0 MiB pending=0.0 MiB
[  24.3s state=None ledger owners: active=0.0 MiB pending=0.0 MiB
[  24.8s state=None ledger owners: active=0.0 MiB pending=0.0 MiB
[  25.4s state=None ledger owners: active=0.0 MiB pending=0.0 MiB
[  25.9s state=None ledger owners: active=0.0 MiB pending=0.0 MiB
[  26.4s state=None ledger owners: active=0.0 MiB pending=0.0 MiB
[  27.0s state=None ledger owners: active=0.0 MiB pending=0.0 MiB
[  27.5s state=None ledger owners: active=0.0 MiB pending=0.0 MiB
[  28.0s state=None ledger owners: active=0.0 MiB pending=0.0 MiB
[  28.6s state=None ledger owners: active=0.0 MiB pending=0.0 MiB
[  29.1s state=None ledger owners: active=0.0 MiB pending=0.0 MiB
[  29.6s state=None ledger owners: active=0.0 MiB pending=0.0 MiB
[  30.2s state=None ledger owners: active=0.0 MiB pending=0.0 MiB
[  30.7s state=None ledger owners: active=0.0 MiB pending=0.0 MiB
[  31.2s state=None ledger owners: active=0.0 MiB pending=0.0 MiB
[  31.8s state=None ledger owners: active=0.0 MiB pending=0.0 MiB
[  32.3s state=None ledger owners: active=0.0 MiB pending=0.0 MiB
[  32.8s state=None ledger owners: active=0.0 MiB pending=0.0 MiB
[  33.4s state=None ledger owners: active=0.0 MiB pending=0.0 MiB
[  33.9s state=None ledger owners: active=0.0 MiB pending=0.0 MiB
[  34.4s state=None ledger owners: active=0.0 MiB pending=0.0 MiB
[  35.0s state=None ledger owners: active=0.0 MiB pending=0.0 MiB
[  35.5s state=None ledger owners: active=0.0 MiB pending=0.0 MiB
[  36.1s state=None ledger owners: active=0.0 MiB pending=0.0 MiB
[  36.6s state=None ledger owners: active=0.0 MiB pending=0.0 MiB
[  37.1s state=None ledger owners: active=0.0 MiB pending=0.0 MiB
[  37.7s state=None ledger owners: active=0.0 MiB pending=0.0 MiB
[  38.2s state=None ledger owners: active=0.0 MiB pending=0.0 MiB
[  38.7s state=None ledger owners: active=0.0 MiB pending=0.0 MiB
[  39.2s state=None ledger owners: active=0.0 MiB pending=0.0 MiB
[  39.8s state=None ledger owners: active=0.0 MiB pending=0.0 MiB
[  40.3s state=None ledger owners: active=0.0 MiB pending=0.0 MiB
[  40.9s state=None ledger owners: active=0.0 MiB pending=0.0 MiB
[  41.4s state=None ledger owners: active=0.0 MiB pending=0.0 MiB
[  41.9s state=None ledger owners: active=0.0 MiB pending=0.0 MiB
[  42.5s state=None ledger owners: active=0.0 MiB pending=0.0 MiB
[  43.0s state=None ledger owners: active=0.0 MiB pending=0.0 MiB
[  43.5s state=None ledger owners: active=0.0 MiB pending=0.0 MiB
[  44.1s state=None ledger owners: active=0.0 MiB pending=0.0 MiB
[  44.6s state=None ledger owners: active=0.0 MiB pending=0.0 MiB
[  45.1s state=None ledger owners: active=0.0 MiB pending=0.0 MiB
[  45.6s state=None ledger owners: active=0.0 MiB pending=0.0 MiB
[  46.2s state=None ledger owners: active=0.0 MiB pending=0.0 MiB
[  46.7s state=None ledger owners: active=0.0 MiB pending=0.0 MiB
[  47.2s state=None ledger owners: active=0.0 MiB pending=0.0 MiB
[  47.7s state=None ledger owners: active=0.0 MiB pending=0.0 MiB
[  48.3s state=None ledger owners: active=0.0 MiB pending=0.0 MiB
[  48.8s state=None ledger owners: active=0.0 MiB pending=0.0 MiB
[  49.3s state=None ledger owners: active=0.0 MiB pending=0.0 MiB
[  49.9s state=None ledger owners: active=0.0 MiB pending=0.0 MiB
[  50.4s state=None ledger owners: active=0.0 MiB pending=0.0 MiB
[  50.9s state=None ledger owners: active=0.0 MiB pending=0.0 MiB
[  51.5s state=None ledger owners: active=0.0 MiB pending=0.0 MiB
[  52.0s state=None ledger owners: active=0.0 MiB pending=0.0 MiB
[  52.5s state=None ledger owners: active=0.0 MiB pending=0.0 MiB
[  53.1s state=None ledger owners: active=0.0 MiB pending=0.0 MiB
[  53.6s state=None ledger owners: active=0.0 MiB pending=0.0 MiB
[  54.1s state=None ledger owners: active=0.0 MiB pending=0.0 MiB
[  54.6s state=None ledger owners: active=0.0 MiB pending=0.0 MiB
[  55.2s state=None ledger owners: active=0.0 MiB pending=0.0 MiB
[  55.7s state=None ledger owners: active=0.0 MiB pending=0.0 MiB
[  56.2s state=None ledger owners: active=0.0 MiB pending=0.0 MiB
[  56.7s state=None ledger owners: active=0.0 MiB pending=0.0 MiB
[  57.3s state=None ledger owners: active=0.0 MiB pending=0.0 MiB
[  57.8s state=None ledger owners: active=0.0 MiB pending=0.0 MiB
[  58.3s state=None ledger owners: active=0.0 MiB pending=0.0 MiB
[  58.9s state=None ledger owners: active=0.0 MiB pending=0.0 MiB
[  59.4s state=None ledger owners: active=0.0 MiB pending=0.0 MiB
[  60.0s state=None ledger owners: active=0.0 MiB pending=0.0 MiB
RESULT: FAIL
